[2026-04-27 22:01:09] [System] [SERVER ONLINE]
[2026-04-27 22:01:27] [System] [User 'najel' connected]
[2026-04-27 22:01:59] [System] [User 'lalal' connected]
[2026-04-27 22:02:13] [User] [halo]
[2026-04-27 22:02:15] [User] [iya]
[2026-04-27 22:08:11] [System] [SERVER ONLINE]
[2026-04-27 22:08:21] [System] [User 'najel' connected]
[2026-04-27 22:08:30] [System] [User 'lalal' connected]
[2026-04-27 22:08:32] [lalal] [hi]
[2026-04-27 22:08:36] [najel] [ok]
[2026-04-27 22:27:44] [System] [SERVER ONLINE]
[2026-04-27 22:27:59] [System] [[System] najelo has connected to The Wired.
]
[2026-04-27 22:28:19] [System] [[System] lalalo has connected to The Wired.
]
[2026-04-27 22:28:26] [lalalo] [hai]
[2026-04-27 22:33:22] [System] [SERVER ONLINE]
[2026-04-27 22:33:32] [System] [[System] najel has connected to The Wired.
]
[2026-04-27 22:33:44] [System] [[System] lala has connected to The Wired.
]
[2026-04-27 22:33:47] [lala] [hai]
[2026-04-27 22:33:50] [najel] [oke]
[2026-04-27 22:35:12] [System] [[System] najel has disconnected from The Wired.
]
[2026-04-27 22:35:15] [System] [[System] lala has disconnected from The Wired.
]
[2026-04-27 22:50:32] [System] [SERVER ONLINE]
[2026-04-27 22:50:39] [System] [[System] najel has connected to The Wired.
]
[2026-04-27 22:50:44] [najel] [halo]
[2026-04-27 22:50:53] [System] [[System] lala has connected to The Wired.
]
[2026-04-27 22:50:56] [lala] [hai]
[2026-04-27 22:51:25] [System] [[System] najel has disconnected from The Wired.
]
[2026-04-27 22:51:28] [System] [[System] lala has disconnected from The Wired.
]
[2026-04-27 22:53:44] [System] [SERVER ONLINE]
[2026-04-27 22:53:58] [System] [[System] The has connected to The Wired.
]
[2026-04-27 22:53:58] [The] [Knights]
[2026-04-27 22:55:02] [System] [SERVER ONLINE]
[2026-04-27 22:55:14] [System] [[System] The has connected to The Wired.
]
[2026-04-27 22:55:14] [The] [Knights]
[2026-04-27 22:57:44] [System] [[System] The has disconnected from The Wired.
]
